Microchip MPLAB XC8 Compiler V3.10

Linker command line:

-W-3 \
  --edf=C:\Program Files\Microchip\xc8\v3.10\pic\dat\20250813170317_en.msgs \
  -cn -h+dist/default/production\rtos_novo.production.sym \
  --cmf=dist/default/production\rtos_novo.production.cmf -z -Q18F46K22 \
  -oC:\Users\ACER\AppData\Local\Temp\xcAs5d4.0\driver_tmp_3.o \
  --defsym=__MPLAB_BUILD=1 --fixupoverflow=error \
  -Mdist/default/production/rtos_novo.production.map \
  --md=C:\Users\ACER\AppData\Local\Temp\xcAs5d4.0\driver_tmp_0.dat -E1 \
  -ver=XC8 Compiler -ACODE=00h-0FFFFh -ACONST=00h-0FFFFh \
  -ASMALLCONST=01000h-010FFhx240 -AMEDIUMCONST=01000h-0FFFFh \
  -ACOMRAM=01h-05Fh -AABS1=00h-0F37h -ABIGRAM=01h-0F37h \
  -ARAM=060h-0FFh,0100h-01FFhx14,0F00h-0F37h -ABANK0=060h-0FFh \
  -ABANK1=0100h-01FFh -ABANK2=0200h-02FFh -ABANK3=0300h-03FFh \
  -ABANK4=0400h-04FFh -ABANK5=0500h-05FFh -ABANK6=0600h-06FFh \
  -ABANK7=0700h-07FFh -ABANK8=0800h-08FFh -ABANK9=0900h-09FFh \
  -ABANK10=0A00h-0AFFh -ABANK11=0B00h-0BFFh -ABANK12=0C00h-0CFFh \
  -ABANK13=0D00h-0DFFh -ABANK14=0E00h-0EFFh -ABANK15=0F00h-0F37h \
  -ASFR=0F38h-0F5Fh,0F60h-0FFFh -ABIGSFR=0F38h-0FFFh \
  -ACONFIG=0300000h-030000Dh -AIDLOC=0200000h-0200007h \
  -AEEDATA=0F00000h-0F003FFh -peeprom_data=EEDATA \
  -preset_vec=00h,intcode=8h,intcodelo=18h,sivt_lo,sivt_hi=CODE \
  -ppowerup=CODE,init -pramtop=01000h -psmallconst=SMALLCONST \
  -pmediumconst=MEDIUMCONST -pconst=CONST -AFARRAM=00h-00h \
  -prdata=COMRAM,nvrram=COMRAM,nvbit=COMRAM,rbss=COMRAM,rbit=COMRAM \
  -pfarbss=FARRAM,fardata=FARRAM,nvFARRAM=FARRAM \
  -pintsave_regs=BIGRAM,bigbss=BIGRAM,bigdata=BIGRAM -pbss=RAM \
  -pidata=CODE,irdata=CODE,ibigdata=CODE,ifardata=CODE -prparam=COMRAM \
  C:\Users\ACER\AppData\Local\Temp\xcAs5d4.0\driver_tmp_9.o \
  dist/default/production\rtos_novo.production.o 

Object code version is 3.11

Machine type is 18F46K22



                Name                               Link     Load   Length Selector   Space Scale
C:\Users\ACER\AppData\Local\Temp\xcAs5d4.0\driver_tmp_9.o
                init                                73A      73A        4        4       0
                reset_vec                             0        0        4        0       0
dist/default/production\rtos_novo.production.o
                intcode                               8        8      732        4       0
                smallconst                         1000     1000        2      800       0
                text30                             2648     2648        4      801       0
                text29                             21BE     21BE       AE      801       0
                text28                             1DB8     1DB8      1DC      801       0
                text27                             2584     2584       28      801       0
                text25                             22DA     22DA       68      801       0
                text24                             24A8     24A8       32      801       0
                text23                             25D2     25D2       22      801       0
                text22                             210E     210E       B0      801       0
                text21                             1BD8     1BD8      1E0      801       0
                text20                             2532     2532       2A      801       0
                text19                             1002     1002      69C      801       0
                text18                             1F94     1F94       CA      801       0
                text17                             23A2     23A2       52      801       0
                text16                             263C     263C        8      801       0
                text15                             2634     2634        8      801       0
                text14                             255C     255C       28      801       0
                text13                             25AC     25AC       26      801       0
                text12                             2644     2644        4      801       0
                text11                             2438     2438       3E      801       0
                text10                             25F4     25F4       20      801       0
                text9                              262C     262C        8      801       0
                text8                              24DA     24DA       2E      801       0
                text7                              226C     226C       6E      801       0
                text6                              2476     2476       32      801       0
                text5                              205E     205E       B0      801       0
                text4                              19F8     19F8      1E0      801       0
                text3                              2508     2508       2A      801       0
                text2                              2614     2614       18      801       0
                text1                              169E     169E      35A      801       0
                text0                              2342     2342       60      801       0
                cstackCOMRAM                          2        2       1F        2       1
                cstackBANK0                          69       69        6       60       1
                cstackBANK1                         100      100       7B      100       1
                cstackBANK2                         200      200       37      200       1
                bssBIGRAM                           237      237      312      237       1
                bssBANK0                             60       60        9       60       1
                dataCOMRAM                           23       23        1        2       1
                bssCOMRAM                            21       21        2        2       1
                cinit                              23F4     23F4       44      801       0
                idataCOMRAM                        264C     264C        1      801       0

TOTAL           Name                               Link     Load   Length     Space
        CLASS   CODE           
                intcode                               8        8      732         0
                init                                73A      73A        4         0
                reset_vec                             0        0        4         0
                text30                             2648     2648        4         0
                text29                             21BE     21BE       AE         0
                text28                             1DB8     1DB8      1DC         0
                text27                             2584     2584       28         0
                text25                             22DA     22DA       68         0
                text24                             24A8     24A8       32         0
                text23                             25D2     25D2       22         0
                text22                             210E     210E       B0         0
                text21                             1BD8     1BD8      1E0         0
                text20                             2532     2532       2A         0
                text19                             1002     1002      69C         0
                text18                             1F94     1F94       CA         0
                text17                             23A2     23A2       52         0
                text16                             263C     263C        8         0
                text15                             2634     2634        8         0
                text14                             255C     255C       28         0
                text13                             25AC     25AC       26         0
                text12                             2644     2644        4         0
                text11                             2438     2438       3E         0
                text10                             25F4     25F4       20         0
                text9                              262C     262C        8         0
                text8                              24DA     24DA       2E         0
                text7                              226C     226C       6E         0
                text6                              2476     2476       32         0
                text5                              205E     205E       B0         0
                text4                              19F8     19F8      1E0         0
                text3                              2508     2508       2A         0
                text2                              2614     2614       18         0
                text1                              169E     169E      35A         0
                text0                              2342     2342       60         0
                cinit                              23F4     23F4       44         0
                idataCOMRAM                        264C     264C        1         0

        CLASS   CONST          

        CLASS   SMALLCONST     
                smallconst                         1000     1000        2         0

        CLASS   MEDIUMCONST    

        CLASS   COMRAM         
                cstackCOMRAM                          2        2       1F         1
                dataCOMRAM                           23       23        1         1
                bssCOMRAM                            21       21        2         1

        CLASS   ABS1           
                abs_s1                                1        1        1         1

        CLASS   BIGRAM         
                bssBIGRAM                           237      237      312         1

        CLASS   RAM            

        CLASS   BANK0          
                cstackBANK0                          69       69        6         1
                bssBANK0                             60       60        9         1

        CLASS   BANK1          
                cstackBANK1                         100      100       7B         1

        CLASS   BANK2          
                cstackBANK2                         200      200       37         1

        CLASS   BANK3          

        CLASS   BANK4          

        CLASS   BANK5          

        CLASS   BANK6          

        CLASS   BANK7          

        CLASS   BANK8          

        CLASS   BANK9          

        CLASS   BANK10         

        CLASS   BANK11         

        CLASS   BANK12         

        CLASS   BANK13         

        CLASS   BANK14         

        CLASS   BANK15         

        CLASS   SFR            

        CLASS   BIGSFR         

        CLASS   CONFIG         

        CLASS   IDLOC          

        CLASS   EEDATA         

        CLASS   FARRAM         

        CLASS   HEAP           

        CLASS   STACK          



SEGMENTS        Name                           Load    Length   Top    Selector   Space  Class

                reset_vec                      000000  000004  000004         0       0  CODE    
                cstackCOMRAM                   000002  000022  000024         2       1  COMRAM  
                intcode                        000008  000736  00073E         4       0  CODE    
                bssBANK0                       000060  00000F  00006F        60       1  BANK0   
                cstackBANK1                    000100  00007B  00017B       100       1  BANK1   
                cstackBANK2                    000200  000037  000237       200       1  BANK2   
                bssBIGRAM                      000237  000312  000549       237       1  BIGRAM  
                smallconst                     001000  000002  001002       800       0  SMALLCON
                text19                         001002  00164B  00264D       801       0  CODE    


UNUSED ADDRESS RANGES

        Name                Unused          Largest block    Delta
        BANK0            006F-00FF             91
        BANK1            017B-01FF             85
        BANK10           0A00-0AFF            100
        BANK11           0B00-0BFF            100
        BANK12           0C00-0CFF            100
        BANK13           0D00-0DFF            100
        BANK14           0E00-0EFF            100
        BANK15           0F00-0F37             38
        BANK5            0549-05FF             B7
        BANK6            0600-06FF            100
        BANK7            0700-07FF            100
        BANK8            0800-08FF            100
        BANK9            0900-09FF            100
        BIGRAM           0024-005F             3C
                         006F-00FF             91
                         017B-01FF             85
                         0549-0F37            9EF
        BIGSFR           0F38-0FFF             C8
        CODE             0004-0007              4
                         073E-0FFF            8C2
                         264D-FFFF           D9B3
        COMRAM           0024-005F             3C
        CONFIG           300000-30000D              E
        CONST            0004-0007              4
                         073E-0FFF            8C2
                         264D-FFFF           D9B3
        EEDATA           F00000-F003FF            400
        IDLOC            200000-200007              8
        MEDIUMCONST      264D-FFFF           D9B3
        RAM              006F-00FF             91
                         017B-01FF             85
                         0549-0F37            100
        SFR              0F38-0FFF             28
        SMALLCONST       264D-FFFF            100

                                  Symbol Table

?___awmod                            cstackBANK1  0164
?_adc_read                           cstackBANK1  014A
?i1___awmod                          cstackBANK1  014A
?i2___awmod                          cstackCOMRAM 0002
ISR@i                                cstackCOMRAM 001F
_ADCON0bits                          (abs)        0FC2
_ADCON1bits                          (abs)        0FC1
_ADCON2bits                          (abs)        0FC0
_ADRES                               (abs)        0FC3
_ANSELAbits                          (abs)        0F38
_ANSELBbits                          (abs)        0F39
_BSR                                 (abs)        0FE0
_CCP1CON                             (abs)        0FBD
_CCP1CONbits                         (abs)        0FBD
_CCPR1L                              (abs)        0FBE
_FSR0H                               (abs)        0FEA
_FSR0L                               (abs)        0FE9
_FSR1H                               (abs)        0FE2
_FSR1L                               (abs)        0FE1
_FSR2H                               (abs)        0FDA
_FSR2L                               (abs)        0FD9
_INTCON2bits                         (abs)        0FF1
_INTCONbits                          (abs)        0FF2
_ISR                                 intcode      0008
_LATCbits                            (abs)        0F8B
_PCLATH                              (abs)        0FFA
_PCLATU                              (abs)        0FFB
_PORTCbits                           (abs)        0F82
_PR2                                 (abs)        0FBB
_PRODH                               (abs)        0FF4
_PRODL                               (abs)        0FF3
_STATUS                              (abs)        0FD8
_STKPTR                              (abs)        0FFC
_T0CONbits                           (abs)        0FD5
_T2CONbits                           (abs)        0FBA
_TABLAT                              (abs)        0FF5
_TBLPTRH                             (abs)        0FF7
_TBLPTRL                             (abs)        0FF6
_TBLPTRU                             (abs)        0FF8
_TMR0                                (abs)        0FD6
_TMR2                                (abs)        0FBC
_TOSH                                (abs)        0FFE
_TOSL                                (abs)        0FFD
_TOSU                                (abs)        0FFF
_TRISAbits                           (abs)        0F92
_TRISBbits                           (abs)        0F93
_TRISCbits                           (abs)        0F94
_WREG                                (abs)        0FE8
__HRAM                               (abs)        0000
__H__absolute__                      __absolute__ 0000
__Habs1                              abs1         0000
__Hbank0                             bank0        0000
__Hbank1                             bank1        0000
__Hbank10                            bank10       0000
__Hbank11                            bank11       0000
__Hbank12                            bank12       0000
__Hbank13                            bank13       0000
__Hbank14                            bank14       0000
__Hbank15                            bank15       0000
__Hbank2                             bank2        0000
__Hbank3                             bank3        0000
__Hbank4                             bank4        0000
__Hbank5                             bank5        0000
__Hbank6                             bank6        0000
__Hbank7                             bank7        0000
__Hbank8                             bank8        0000
__Hbank9                             bank9        0000
__Hbigbss                            bigbss       0000
__Hbigdata                           bigdata      0000
__Hbigram                            bigram       0000
__Hbigsfr                            bigsfr       0000
__Hbss                               bss          0000
__HbssBANK0                          bssBANK0     0000
__HbssBIGRAM                         bssBIGRAM    0000
__HbssCOMRAM                         bssCOMRAM    0000
__Hcinit                             cinit        0000
__Hclrtext                           clrtext      0000
__Hcomram                            comram       0000
__Hconfig                            config       0000
__Hconst                             const        0000
__HcstackBANK0                       cstackBANK0  0000
__HcstackBANK1                       cstackBANK1  0000
__HcstackBANK2                       cstackBANK2  0000
__HcstackCOMRAM                      cstackCOMRAM 0000
__Hdata                              data         0000
__HdataCOMRAM                        dataCOMRAM   0000
__Heeprom_data                       eeprom_data  0000
__Hfarbss                            farbss       0000
__Hfardata                           fardata      0000
__Hheap                              heap         0000
__Hibigdata                          ibigdata     0000
__Hidata                             idata        0000
__HidataCOMRAM                       idataCOMRAM  0000
__Hidloc                             idloc        0000
__Hifardata                          ifardata     0000
__Hinit                              init         073E
__Hintcode                           intcode      073A
__Hintcode_body                      intcode_body 0000
__Hintcodelo                         intcodelo    0018
__Hintentry                          intentry     0000
__Hintret                            intret       0000
__Hintsave_regs                      intsave_regs 0000
__Hirdata                            irdata       0000
__Hmediumconst                       mediumconst  0000
__HnvFARRAM                          nvFARRAM     0000
__Hnvbit                             nvbit        0000
__Hnvrram                            nvrram       0000
__Hparam                             rparam       0000
__Hpowerup                           powerup      0000
__Hram                               ram          0000
__Hramtop                            ramtop       1000
__Hrbit                              rbit         0000
__Hrbss                              rbss         0000
__Hrdata                             rdata        0000
__Hreset_vec                         reset_vec    0004
__Hrparam                            rparam       0000
__Hsfr                               sfr          0000
__Hsivt_hi                           sivt_hi      0000
__Hsivt_lo                           sivt_lo      0018
__Hsmallconst                        smallconst   1002
__Hspace_0                           (abs)        264D
__Hspace_1                           (abs)        0549
__Hspace_2                           (abs)        0000
__Hspace_4                           (abs)        0000
__Hstack                             stack        0000
__Hstruct                            struct       0000
__Htemp                              temp         0000
__Htext                              text         0000
__Htext0                             text0        0000
__Htext1                             text1        0000
__Htext10                            text10       0000
__Htext11                            text11       0000
__Htext12                            text12       0000
__Htext13                            text13       0000
__Htext14                            text14       0000
__Htext15                            text15       0000
__Htext16                            text16       0000
__Htext17                            text17       0000
__Htext18                            text18       0000
__Htext19                            text19       0000
__Htext2                             text2        0000
__Htext20                            text20       0000
__Htext21                            text21       0000
__Htext22                            text22       0000
__Htext23                            text23       0000
__Htext24                            text24       0000
__Htext25                            text25       0000
__Htext27                            text27       0000
__Htext28                            text28       0000
__Htext29                            text29       0000
__Htext3                             text3        0000
__Htext30                            text30       0000
__Htext4                             text4        0000
__Htext5                             text5        0000
__Htext6                             text6        0000
__Htext7                             text7        0000
__Htext8                             text8        0000
__Htext9                             text9        0000
__LRAM                               (abs)        0001
__L__absolute__                      __absolute__ 0000
__Labs1                              abs1         0000
__Lbank0                             bank0        0000
__Lbank1                             bank1        0000
__Lbank10                            bank10       0000
__Lbank11                            bank11       0000
__Lbank12                            bank12       0000
__Lbank13                            bank13       0000
__Lbank14                            bank14       0000
__Lbank15                            bank15       0000
__Lbank2                             bank2        0000
__Lbank3                             bank3        0000
__Lbank4                             bank4        0000
__Lbank5                             bank5        0000
__Lbank6                             bank6        0000
__Lbank7                             bank7        0000
__Lbank8                             bank8        0000
__Lbank9                             bank9        0000
__Lbigbss                            bigbss       0000
__Lbigdata                           bigdata      0000
__Lbigram                            bigram       0000
__Lbigsfr                            bigsfr       0000
__Lbss                               bss          0000
__LbssBANK0                          bssBANK0     0000
__LbssBIGRAM                         bssBIGRAM    0000
__LbssCOMRAM                         bssCOMRAM    0000
__Lcinit                             cinit        0000
__Lclrtext                           clrtext      0000
__Lcomram                            comram       0000
__Lconfig                            config       0000
__Lconst                             const        0000
__LcstackBANK0                       cstackBANK0  0000
__LcstackBANK1                       cstackBANK1  0000
__LcstackBANK2                       cstackBANK2  0000
__LcstackCOMRAM                      cstackCOMRAM 0000
__Ldata                              data         0000
__LdataCOMRAM                        dataCOMRAM   0000
__Leeprom_data                       eeprom_data  0000
__Lfarbss                            farbss       0000
__Lfardata                           fardata      0000
__Lheap                              heap         0000
__Libigdata                          ibigdata     0000
__Lidata                             idata        0000
__LidataCOMRAM                       idataCOMRAM  0000
__Lidloc                             idloc        0000
__Lifardata                          ifardata     0000
__Linit                              init         073A
__Lintcode                           intcode      0008
__Lintcode_body                      intcode_body 0000
__Lintcodelo                         intcodelo    0018
__Lintentry                          intentry     0000
__Lintret                            intret       0000
__Lintsave_regs                      intsave_regs 0000
__Lirdata                            irdata       0000
__Lmediumconst                       mediumconst  0000
__LnvFARRAM                          nvFARRAM     0000
__Lnvbit                             nvbit        0000
__Lnvrram                            nvrram       0000
__Lparam                             rparam       0000
__Lpowerup                           powerup      0000
__Lram                               ram          0000
__Lramtop                            ramtop       1000
__Lrbit                              rbit         0000
__Lrbss                              rbss         0000
__Lrdata                             rdata        0000
__Lreset_vec                         reset_vec    0000
__Lrparam                            rparam       0000
__Lsfr                               sfr          0000
__Lsivt_hi                           sivt_hi      0000
__Lsivt_lo                           sivt_lo      0018
__Lsmallconst                        smallconst   1000
__Lspace_0                           (abs)        0000
__Lspace_1                           (abs)        0000
__Lspace_2                           (abs)        0000
__Lspace_4                           (abs)        0000
__Lstack                             stack        0000
__Lstruct                            struct       0000
__Ltemp                              temp         0000
__Ltext                              text         0000
__Ltext0                             text0        0000
__Ltext1                             text1        0000
__Ltext10                            text10       0000
__Ltext11                            text11       0000
__Ltext12                            text12       0000
__Ltext13                            text13       0000
__Ltext14                            text14       0000
__Ltext15                            text15       0000
__Ltext16                            text16       0000
__Ltext17                            text17       0000
__Ltext18                            text18       0000
__Ltext19                            text19       0000
__Ltext2                             text2        0000
__Ltext20                            text20       0000
__Ltext21                            text21       0000
__Ltext22                            text22       0000
__Ltext23                            text23       0000
__Ltext24                            text24       0000
__Ltext25                            text25       0000
__Ltext27                            text27       0000
__Ltext28                            text28       0000
__Ltext29                            text29       0000
__Ltext3                             text3        0000
__Ltext30                            text30       0000
__Ltext4                             text4        0000
__Ltext5                             text5        0000
__Ltext6                             text6        0000
__Ltext7                             text7        0000
__Ltext8                             text8        0000
__Ltext9                             text9        0000
__S0                                 (abs)        264D
__S1                                 (abs)        0549
__S4                                 (abs)        0000
__S5                                 (abs)        0000
___awmod                             text5        205E
___awmod@counter                     cstackBANK1  0168
___awmod@dividend                    cstackBANK1  0164
___awmod@divisor                     cstackBANK1  0166
___awmod@sign                        cstackBANK1  0169
___heap_hi                           (abs)        0000
___heap_lo                           (abs)        0000
___inthi_sp                          stack        0000
___inthi_stack_hi                    stack        0000
___inthi_stack_lo                    stack        0000
___intlo_sp                          stack        0000
___intlo_stack_hi                    stack        0000
___intlo_stack_lo                    stack        0000
___param_bank                        (abs)        0000
___rparam_used                       (abs)        0001
___sp                                stack        0000
___stack_hi                          stack        0000
___stack_lo                          stack        0000
__accesstop                          (abs)        0060
__activetblptr                       (abs)        0002
__end_of_ISR                         intcode      073A
__end_of___awmod                     text5        210E
__end_of__initialization             cinit        242A
__end_of_adc_config                  text13       25D2
__end_of_adc_on                      text12       2648
__end_of_adc_read                    text23       25F4
__end_of_config_user                 text8        2508
__end_of_ext_int_isr_handler         text30       264C
__end_of_idle                        text14       2584
__end_of_main                        text0        23A2
__end_of_mutex_init                  text11       2476
__end_of_mutex_lock                  text19       169E
__end_of_mutex_unlock                text18       205E
__end_of_os_config                   text6        24A8
__end_of_os_create_task              text7        22DA
__end_of_os_start                    text1        19F8
__end_of_pwm_config                  text10       2614
__end_of_pwm_on                      text9        2634
__end_of_pwm_set_duty                text25       2342
__end_of_rr_priority_scheduler       text4        1BD8
__end_of_scheduler                   text3        2532
__end_of_setup_hardware              text2        262C
__end_of_task_blink1                 text15       263C
__end_of_task_blink2                 text16       2644
__end_of_task_blink3                 text17       23F4
__end_of_task_blink4                 text24       24DA
__end_ofi1___awmod                   text22       21BE
__end_ofi1_rr_priority_scheduler     text21       1DB8
__end_ofi1_scheduler                 text20       255C
__end_ofi2___awmod                   text29       226C
__end_ofi2_rr_priority_scheduler     text28       1F94
__end_ofi2_scheduler                 text27       25AC
__initialization                     cinit        23F4
__mediumconst                        smallconst   1000
__pbssBANK0                          bssBANK0     0060
__pbssBIGRAM                         bssBIGRAM    0237
__pbssCOMRAM                         bssCOMRAM    0021
__pcinit                             cinit        23F4
__pcstackBANK0                       cstackBANK0  0069
__pcstackBANK1                       cstackBANK1  0100
__pcstackBANK2                       cstackBANK2  0200
__pcstackCOMRAM                      cstackCOMRAM 0002
__pdataCOMRAM                        dataCOMRAM   0023
__pidataCOMRAM                       idataCOMRAM  264C
__pintcode                           intcode      0008
__psmallconst                        smallconst   1000
__ptext0                             text0        2342
__ptext1                             text1        169E
__ptext10                            text10       25F4
__ptext11                            text11       2438
__ptext12                            text12       2644
__ptext13                            text13       25AC
__ptext14                            text14       255C
__ptext15                            text15       2634
__ptext16                            text16       263C
__ptext17                            text17       23A2
__ptext18                            text18       1F94
__ptext19                            text19       1002
__ptext2                             text2        2614
__ptext20                            text20       2532
__ptext21                            text21       1BD8
__ptext22                            text22       210E
__ptext23                            text23       25D2
__ptext24                            text24       24A8
__ptext25                            text25       22DA
__ptext27                            text27       2584
__ptext28                            text28       1DB8
__ptext29                            text29       21BE
__ptext3                             text3        2508
__ptext30                            text30       2648
__ptext4                             text4        19F8
__ptext5                             text5        205E
__ptext6                             text6        2476
__ptext7                             text7        226C
__ptext8                             text8        24DA
__ptext9                             text9        262C
__ramtop                             ramtop       1000
__smallconst                         smallconst   1000
__uDynamicHeap                       bssBIGRAM    0237
_adc_config                          text13       25AC
_adc_mutex                           bssBANK0     0060
_adc_on                              text12       2644
_adc_read                            text23       25D2
_config_user                         text8        24DA
_ext_int_isr_handler                 text30       2648
_ext_int_user_callback               bssCOMRAM    0021
_idle                                text14       255C
_main                                text0        2342
_mutex_init                          text11       2438
_mutex_lock                          text19       1002
_mutex_unlock                        text18       1F94
_os_config                           text6        2476
_os_create_task                      text7        226C
_os_start                            text1        169E
_pwm_config                          text10       25F4
_pwm_on                              text9        262C
_pwm_set_duty                        text25       22DA
_r_queue                             bssBIGRAM    0437
_rr_priority_scheduler               text4        19F8
_rr_quantum                          dataCOMRAM   0023
_scheduler                           text3        2508
_setup_hardware                      text2        2614
_task_blink1                         text15       2634
_task_blink2                         text16       263C
_task_blink3                         text17       23A2
_task_blink4                         text24       24A8
adc_read@dados_adc                   cstackBANK1  014C
btemp                                (abs)        0001
btemp0                               (abs)        0001
btemp1                               (abs)        0002
end_of_initialization                cinit        242A
i1___awmod                           text22       210E
i1___awmod@counter                   cstackBANK1  014E
i1___awmod@dividend                  cstackBANK1  014A
i1___awmod@divisor                   cstackBANK1  014C
i1___awmod@sign                      cstackBANK1  014F
i1_rr_priority_scheduler             text21       1BD8
i1_scheduler                         text20       2532
i1rr_priority_scheduler@i            cstackBANK1  0154
i1rr_priority_scheduler@i_1489       cstackBANK1  0156
i1rr_priority_scheduler@max_priority cstackBANK1  0153
i1rr_priority_scheduler@prox         cstackBANK1  0155
i1rr_priority_scheduler@tentativas   cstackBANK1  0152
i2___awmod                           text29       21BE
i2___awmod@counter                   cstackCOMRAM 0006
i2___awmod@dividend                  cstackCOMRAM 0002
i2___awmod@divisor                   cstackCOMRAM 0004
i2___awmod@sign                      cstackCOMRAM 0007
i2_rr_priority_scheduler             text28       1DB8
i2_scheduler                         text27       2584
i2rr_priority_scheduler@i            cstackCOMRAM 000C
i2rr_priority_scheduler@i_1489       cstackCOMRAM 000E
i2rr_priority_scheduler@max_priority cstackCOMRAM 000B
i2rr_priority_scheduler@prox         cstackCOMRAM 000D
i2rr_priority_scheduler@tentativas   cstackCOMRAM 000A
int$flags                            (abs)        0001
intlevel0                            text         0000
intlevel1                            text         0000
intlevel2                            text         0000
intlevel3                            text         0000
isa$std                              (abs)        0001
isa$xinst                            (abs)        0000
mutex_init@mutex                     cstackBANK1  0164
mutex_lock@mutex                     cstackBANK1  015A
mutex_unlock@mutex                   cstackBANK1  014A
mutex_unlock@next_owner              cstackBANK1  014D
os_create_task@func                  cstackBANK1  0164
os_create_task@id                    cstackBANK2  0200
os_create_task@new_task              cstackBANK2  0201
os_create_task@prior                 cstackBANK1  0166
pwm_config@period                    cstackBANK1  0164
pwm_set_duty@duty                    cstackBANK1  014A
rr_priority_scheduler@i              cstackBANK1  016E
rr_priority_scheduler@i_1489         cstackBANK1  0170
rr_priority_scheduler@max_priority   cstackBANK1  016D
rr_priority_scheduler@prox           cstackBANK1  016F
rr_priority_scheduler@tentativas     cstackBANK1  016C
stackhi                              (abs)        0000
stacklo                              (abs)        0000
start                                init         073A
start_initialization                 cinit        23F4
task_blink3@adc                      cstackBANK0  006D
task_blink4@adc                      cstackBANK1  0162


MODULE INFORMATION

Module		Function		Class		Link	Load	Size
C:\Program Files\Microchip\xc8\v3.10\pic\sources\c99\common\awmod.c
		___awmod       		CODE           	205E	0000	176

C:\Program Files\Microchip\xc8\v3.10\pic\sources\c99\common\awmod.c estimated size: 176

io.c
		_pwm_set_duty  		CODE           	22DA	0000	104
		_pwm_config    		CODE           	25F4	0000	32
		_adc_config    		CODE           	25AC	0000	38
		_pwm_on        		CODE           	262C	0000	8
		_adc_on        		CODE           	2644	0000	4
		_adc_read      		CODE           	25D2	0000	34
		_ext_int_isr_handler		CODE           	2648	0000	4

io.c estimated size: 224

hw.c
		_ISR           		CODE           	0008	0000	1842
		_setup_hardware		CODE           	2614	0000	24

hw.c estimated size: 1866

kernel.c
		_os_config     		CODE           	2476	0000	50
		_os_start      		CODE           	169E	0000	858
		_idle          		CODE           	255C	0000	40
		_os_create_task		CODE           	226C	0000	110

kernel.c estimated size: 1058

shared
		i1_rr_priority_scheduler		CODE           	1BD8	0000	480
		i2_rr_priority_scheduler		CODE           	1DB8	0000	476
		__initialization		CODE           	23F4	0000	54
		i1___awmod     		CODE           	210E	0000	176
		i2___awmod     		CODE           	21BE	0000	174
		i1_scheduler   		CODE           	2532	0000	42
		i2_scheduler   		CODE           	2584	0000	40

shared estimated size: 1442

user.c
		_config_user   		CODE           	24DA	0000	46
		_task_blink1   		CODE           	2634	0000	8
		_task_blink2   		CODE           	263C	0000	8
		_task_blink3   		CODE           	23A2	0000	82
		_task_blink4   		CODE           	24A8	0000	50

user.c estimated size: 194

scheduler.c
		_rr_priority_scheduler		CODE           	19F8	0000	480
		_scheduler     		CODE           	2508	0000	42

scheduler.c estimated size: 522

sync.c
		_mutex_lock    		CODE           	1002	0000	1692
		_mutex_unlock  		CODE           	1F94	0000	202
		_mutex_init    		CODE           	2438	0000	62

sync.c estimated size: 1956

main.c
		_main          		CODE           	2342	0000	96

main.c estimated size: 96

