Microchip MPLAB XC8 Compiler V3.10

Linker command line:

-W-3 \
  --edf=C:\Program Files\Microchip\xc8\v3.10\pic\dat\20250813170317_en.msgs \
  -cn -h+dist/default/production\rtos_novo.production.sym \
  --cmf=dist/default/production\rtos_novo.production.cmf -z -Q18F46K22 \
  -oC:\Users\ACER\AppData\Local\Temp\xcAs3dw.0\driver_tmp_3.o \
  --defsym=__MPLAB_BUILD=1 --fixupoverflow=error \
  -Mdist/default/production/rtos_novo.production.map \
  --md=C:\Users\ACER\AppData\Local\Temp\xcAs3dw.0\driver_tmp_0.dat -E1 \
  -ver=XC8 Compiler -ACODE=00h-0FFFFh -ACONST=00h-0FFFFh \
  -ASMALLCONST=01000h-010FFhx240 -AMEDIUMCONST=01000h-0FFFFh \
  -ACOMRAM=01h-05Fh -AABS1=00h-0F37h -ABIGRAM=01h-0F37h \
  -ARAM=060h-0FFh,0100h-01FFhx14,0F00h-0F37h -ABANK0=060h-0FFh \
  -ABANK1=0100h-01FFh -ABANK2=0200h-02FFh -ABANK3=0300h-03FFh \
  -ABANK4=0400h-04FFh -ABANK5=0500h-05FFh -ABANK6=0600h-06FFh \
  -ABANK7=0700h-07FFh -ABANK8=0800h-08FFh -ABANK9=0900h-09FFh \
  -ABANK10=0A00h-0AFFh -ABANK11=0B00h-0BFFh -ABANK12=0C00h-0CFFh \
  -ABANK13=0D00h-0DFFh -ABANK14=0E00h-0EFFh -ABANK15=0F00h-0F37h \
  -ASFR=0F38h-0F5Fh,0F60h-0FFFh -ABIGSFR=0F38h-0FFFh \
  -ACONFIG=0300000h-030000Dh -AIDLOC=0200000h-0200007h \
  -AEEDATA=0F00000h-0F003FFh -peeprom_data=EEDATA \
  -preset_vec=00h,intcode=8h,intcodelo=18h,sivt_lo,sivt_hi=CODE \
  -ppowerup=CODE,init -pramtop=01000h -psmallconst=SMALLCONST \
  -pmediumconst=MEDIUMCONST -pconst=CONST -AFARRAM=00h-00h \
  -prdata=COMRAM,nvrram=COMRAM,nvbit=COMRAM,rbss=COMRAM,rbit=COMRAM \
  -pfarbss=FARRAM,fardata=FARRAM,nvFARRAM=FARRAM \
  -pintsave_regs=BIGRAM,bigbss=BIGRAM,bigdata=BIGRAM -pbss=RAM \
  -pidata=CODE,irdata=CODE,ibigdata=CODE,ifardata=CODE -pparam0=BANK0 \
  C:\Users\ACER\AppData\Local\Temp\xcAs3dw.0\driver_tmp_9.o \
  dist/default/production\rtos_novo.production.o 

Object code version is 3.11

Machine type is 18F46K22



                Name                               Link     Load   Length Selector   Space Scale
C:\Users\ACER\AppData\Local\Temp\xcAs3dw.0\driver_tmp_9.o
                init                                628      628        4        4       0
                reset_vec                             0        0        4        0       0
dist/default/production\rtos_novo.production.o
                intcode                               8        8      620        4       0
                smallconst                         1000     1000        2      800       0
                text43                             2A62     2A62       F0      801       0
                text42                             34D2     34D2       30      801       0
                text41                             2E56     2E56       AE      801       0
                text40                             2774     2774      1D0      801       0
                text39                             361C     361C       1A      801       0
                text37                             3014     3014       70      801       0
                text36                             315C     315C       68      801       0
                text35                             3502     3502       2E      801       0
                text34                             2FA0     2FA0       74      801       0
                text33                             3388     3388       4C      801       0
                text32                             35A6     35A6       22      801       0
                text31                             1002     1002      5D0      801       0
                text30                             2C2C     2C2C       CA      801       0
                text29                             1B7A     1B7A      55E      801       0
                text28                             2F04     2F04       9C      801       0
                text27                             30F0     30F0       6C      801       0
                text26                             2DA6     2DA6       B0      801       0
                text25                             25A0     25A0      1D4      801       0
                text24                             3602     3602       1A      801       0
                text23                             15D2     15D2      5A8      801       0
                text22                             328C     328C       5A      801       0
                text21                             3558     3558       28      801       0
                text20                             31C4     31C4       66      801       0
                text19                             2B52     2B52       DA      801       0
                text18                             2944     2944      11E      801       0
                text17                             3580     3580       26      801       0
                text16                             365C     365C        4      801       0
                text15                             341E     341E       40      801       0
                text14                             3656     3656        6      801       0
                text13                             345E     345E       3E      801       0
                text12                             349C     349C       36      801       0
                text11                             33D4     33D4       4A      801       0
                text10                             35C8     35C8       20      801       0
                text9                              364E     364E        8      801       0
                text8                              3084     3084       6C      801       0
                text7                              322A     322A       62      801       0
                text6                              3530     3530       28      801       0
                text5                              2CF6     2CF6       B0      801       0
                text4                              23CC     23CC      1D4      801       0
                text3                              35E8     35E8       1A      801       0
                text2                              3636     3636       18      801       0
                text1                              20D8     20D8      2F4      801       0
                text0                              333C     333C       4C      801       0
                cstackCOMRAM                         1B       1B       17        2       1
                cstackBANK0                          60       60       1B       60       1
                cstackBANK1                         100      100       24      100       1
                cstackBANK3                         300      300       86      300       1
                cstackBANK4                         400      400       2B      400       1
                bssBIGRAM                           42B      42B      200      42B       1
                bssBANK2                            200      200       C7      200       1
                bssBANK1                            124      124        4      100       1
                dataCOMRAM                           32       32        1        2       1
                bssCOMRAM                             2        2       19        2       1
                cinit                              32E6     32E6       56      801       0
                idataCOMRAM                        3660     3660        1      801       0

TOTAL           Name                               Link     Load   Length     Space
        CLASS   CODE           
                intcode                               8        8      620         0
                init                                628      628        4         0
                reset_vec                             0        0        4         0
                text43                             2A62     2A62       F0         0
                text42                             34D2     34D2       30         0
                text41                             2E56     2E56       AE         0
                text40                             2774     2774      1D0         0
                text39                             361C     361C       1A         0
                text37                             3014     3014       70         0
                text36                             315C     315C       68         0
                text35                             3502     3502       2E         0
                text34                             2FA0     2FA0       74         0
                text33                             3388     3388       4C         0
                text32                             35A6     35A6       22         0
                text31                             1002     1002      5D0         0
                text30                             2C2C     2C2C       CA         0
                text29                             1B7A     1B7A      55E         0
                text28                             2F04     2F04       9C         0
                text27                             30F0     30F0       6C         0
                text26                             2DA6     2DA6       B0         0
                text25                             25A0     25A0      1D4         0
                text24                             3602     3602       1A         0
                text23                             15D2     15D2      5A8         0
                text22                             328C     328C       5A         0
                text21                             3558     3558       28         0
                text20                             31C4     31C4       66         0
                text19                             2B52     2B52       DA         0
                text18                             2944     2944      11E         0
                text17                             3580     3580       26         0
                text16                             365C     365C        4         0
                text15                             341E     341E       40         0
                text14                             3656     3656        6         0
                text13                             345E     345E       3E         0
                text12                             349C     349C       36         0
                text11                             33D4     33D4       4A         0
                text10                             35C8     35C8       20         0
                text9                              364E     364E        8         0
                text8                              3084     3084       6C         0
                text7                              322A     322A       62         0
                text6                              3530     3530       28         0
                text5                              2CF6     2CF6       B0         0
                text4                              23CC     23CC      1D4         0
                text3                              35E8     35E8       1A         0
                text2                              3636     3636       18         0
                text1                              20D8     20D8      2F4         0
                text0                              333C     333C       4C         0
                cinit                              32E6     32E6       56         0
                idataCOMRAM                        3660     3660        1         0

        CLASS   CONST          

        CLASS   SMALLCONST     
                smallconst                         1000     1000        2         0

        CLASS   MEDIUMCONST    

        CLASS   COMRAM         
                cstackCOMRAM                         1B       1B       17         1
                dataCOMRAM                           32       32        1         1
                bssCOMRAM                             2        2       19         1

        CLASS   ABS1           
                abs_s1                                1        1        1         1

        CLASS   BIGRAM         
                bssBIGRAM                           42B      42B      200         1

        CLASS   RAM            

        CLASS   BANK0          
                cstackBANK0                          60       60       1B         1

        CLASS   BANK1          
                cstackBANK1                         100      100       24         1
                bssBANK1                            124      124        4         1

        CLASS   BANK2          
                bssBANK2                            200      200       C7         1

        CLASS   BANK3          
                cstackBANK3                         300      300       86         1

        CLASS   BANK4          
                cstackBANK4                         400      400       2B         1

        CLASS   BANK5          

        CLASS   BANK6          

        CLASS   BANK7          

        CLASS   BANK8          

        CLASS   BANK9          

        CLASS   BANK10         

        CLASS   BANK11         

        CLASS   BANK12         

        CLASS   BANK13         

        CLASS   BANK14         

        CLASS   BANK15         

        CLASS   SFR            

        CLASS   BIGSFR         

        CLASS   CONFIG         

        CLASS   IDLOC          

        CLASS   EEDATA         

        CLASS   FARRAM         

        CLASS   HEAP           

        CLASS   STACK          



SEGMENTS        Name                           Load    Length   Top    Selector   Space  Class

                reset_vec                      000000  000004  000004         0       0  CODE    
                bssCOMRAM                      000002  000031  000033         2       1  COMRAM  
                intcode                        000008  000624  00062C         4       0  CODE    
                cstackBANK0                    000060  00001B  00007B        60       1  BANK0   
                cstackBANK1                    000100  000028  000128       100       1  BANK1   
                bssBANK2                       000200  0000C7  0002C7       200       1  BANK2   
                cstackBANK3                    000300  000086  000386       300       1  BANK3   
                cstackBANK4                    000400  00002B  00042B       400       1  BANK4   
                bssBIGRAM                      00042B  000200  00062B       42B       1  BIGRAM  
                smallconst                     001000  000002  001002       800       0  SMALLCON
                text31                         001002  00265F  003661       801       0  CODE    


UNUSED ADDRESS RANGES

        Name                Unused          Largest block    Delta
        BANK0            007B-00FF             85
        BANK1            0128-01FF             D8
        BANK10           0A00-0AFF            100
        BANK11           0B00-0BFF            100
        BANK12           0C00-0CFF            100
        BANK13           0D00-0DFF            100
        BANK14           0E00-0EFF            100
        BANK15           0F00-0F37             38
        BANK2            02C7-02FF             39
        BANK3            0386-03FF             7A
        BANK6            062B-06FF             D5
        BANK7            0700-07FF            100
        BANK8            0800-08FF            100
        BANK9            0900-09FF            100
        BIGRAM           0033-005F             2D
                         007B-00FF             85
                         0128-01FF             D8
                         02C7-02FF             39
                         0386-03FF             7A
                         062B-0F37            90D
        BIGSFR           0F38-0FFF             C8
        CODE             0004-0007              4
                         062C-0FFF            9D4
                         3661-FFFF           C99F
        COMRAM           0033-005F             2D
        CONFIG           300000-30000D              E
        CONST            0004-0007              4
                         062C-0FFF            9D4
                         3661-FFFF           C99F
        EEDATA           F00000-F003FF            400
        IDLOC            200000-200007              8
        MEDIUMCONST      3661-FFFF           C99F
        RAM              007B-00FF             85
                         0128-01FF             D8
                         02C7-02FF             39
                         0386-03FF             7A
                         062B-0F37            100
        SFR              0F38-0FFF             28
        SMALLCONST       3661-FFFF            100

                                  Symbol Table

?_SRAMalloc                        cstackBANK4  0408
?___awmod                          cstackBANK4  0400
?_adc_read                         cstackBANK1  011A
?i1___awmod                        cstackBANK3  036F
?i2___awmod                        cstackCOMRAM 001B
ISR@i                              cstackCOMRAM 0030
SRAMInitHeap@count                 cstackBANK4  0402
SRAMInitHeap@pHeap                 cstackBANK4  0400
SRAMalloc@nBytes                   cstackBANK4  0410
SRAMalloc@pHeap                    cstackBANK4  0411
SRAMalloc@segHeader                cstackBANK4  040F
SRAMalloc@segLen                   cstackBANK4  040E
SRAMalloc@temp                     cstackBANK4  040C
_ADCON0bits                        (abs)        0FC2
_ADCON1bits                        (abs)        0FC1
_ADCON2bits                        (abs)        0FC0
_ADRES                             (abs)        0FC3
_ANSELAbits                        (abs)        0F38
_ANSELBbits                        (abs)        0F39
_BSR                               (abs)        0FE0
_CCP1CON                           (abs)        0FBD
_CCP1CONbits                       (abs)        0FBD
_CCPR1L                            (abs)        0FBE
_FSR0H                             (abs)        0FEA
_FSR0L                             (abs)        0FE9
_FSR1H                             (abs)        0FE2
_FSR1L                             (abs)        0FE1
_FSR2H                             (abs)        0FDA
_FSR2L                             (abs)        0FD9
_INTCON2bits                       (abs)        0FF1
_INTCONbits                        (abs)        0FF2
_ISR                               intcode      0008
_LATCbits                          (abs)        0F8B
_PCLATH                            (abs)        0FFA
_PCLATU                            (abs)        0FFB
_PORTCbits                         (abs)        0F82
_PR2                               (abs)        0FBB
_PRODH                             (abs)        0FF4
_PRODL                             (abs)        0FF3
_SRAMInitHeap                      text20       31C4
_SRAMalloc                         text18       2944
_STATUS                            (abs)        0FD8
_STKPTR                            (abs)        0FFC
_T0CONbits                         (abs)        0FD5
_T2CONbits                         (abs)        0FBA
_TABLAT                            (abs)        0FF5
_TBLPTRH                           (abs)        0FF7
_TBLPTRL                           (abs)        0FF6
_TBLPTRU                           (abs)        0FF8
_TMR0                              (abs)        0FD6
_TMR2                              (abs)        0FBC
_TOSH                              (abs)        0FFE
_TOSL                              (abs)        0FFD
_TOSU                              (abs)        0FFF
_TRISAbits                         (abs)        0F92
_TRISBbits                         (abs)        0F93
_TRISCbits                         (abs)        0F94
_WREG                              (abs)        0FE8
__HRAM                             (abs)        0000
__H__absolute__                    __absolute__ 0000
__Habs1                            abs1         0000
__Hbank0                           bank0        0000
__Hbank1                           bank1        0000
__Hbank10                          bank10       0000
__Hbank11                          bank11       0000
__Hbank12                          bank12       0000
__Hbank13                          bank13       0000
__Hbank14                          bank14       0000
__Hbank15                          bank15       0000
__Hbank2                           bank2        0000
__Hbank3                           bank3        0000
__Hbank4                           bank4        0000
__Hbank5                           bank5        0000
__Hbank6                           bank6        0000
__Hbank7                           bank7        0000
__Hbank8                           bank8        0000
__Hbank9                           bank9        0000
__Hbigbss                          bigbss       0000
__Hbigdata                         bigdata      0000
__Hbigram                          bigram       0000
__Hbigsfr                          bigsfr       0000
__Hbss                             bss          0000
__HbssBANK1                        bssBANK1     0000
__HbssBANK2                        bssBANK2     0000
__HbssBIGRAM                       bssBIGRAM    0000
__HbssCOMRAM                       bssCOMRAM    0000
__Hcinit                           cinit        0000
__Hclrtext                         clrtext      0000
__Hcomram                          comram       0000
__Hconfig                          config       0000
__Hconst                           const        0000
__HcstackBANK0                     cstackBANK0  0000
__HcstackBANK1                     cstackBANK1  0000
__HcstackBANK3                     cstackBANK3  0000
__HcstackBANK4                     cstackBANK4  0000
__HcstackCOMRAM                    cstackCOMRAM 0000
__Hdata                            data         0000
__HdataCOMRAM                      dataCOMRAM   0000
__Heeprom_data                     eeprom_data  0000
__Hfarbss                          farbss       0000
__Hfardata                         fardata      0000
__Hheap                            heap         0000
__Hibigdata                        ibigdata     0000
__Hidata                           idata        0000
__HidataCOMRAM                     idataCOMRAM  0000
__Hidloc                           idloc        0000
__Hifardata                        ifardata     0000
__Hinit                            init         062C
__Hintcode                         intcode      0628
__Hintcode_body                    intcode_body 0000
__Hintcodelo                       intcodelo    0018
__Hintentry                        intentry     0000
__Hintret                          intret       0000
__Hintsave_regs                    intsave_regs 0000
__Hirdata                          irdata       0000
__Hmediumconst                     mediumconst  0000
__HnvFARRAM                        nvFARRAM     0000
__Hnvbit                           nvbit        0000
__Hnvrram                          nvrram       0000
__Hparam                           param0       0000
__Hparam0                          param0       0000
__Hpowerup                         powerup      0000
__Hram                             ram          0000
__Hramtop                          ramtop       1000
__Hrbit                            rbit         0000
__Hrbss                            rbss         0000
__Hrdata                           rdata        0000
__Hreset_vec                       reset_vec    0004
__Hsfr                             sfr          0000
__Hsivt_hi                         sivt_hi      0000
__Hsivt_lo                         sivt_lo      0018
__Hsmallconst                      smallconst   1002
__Hspace_0                         (abs)        3661
__Hspace_1                         (abs)        062B
__Hspace_2                         (abs)        0000
__Hspace_4                         (abs)        0000
__Hstack                           stack        0000
__Hstruct                          struct       0000
__Htemp                            temp         0000
__Htext                            text         0000
__Htext0                           text0        0000
__Htext1                           text1        0000
__Htext10                          text10       0000
__Htext11                          text11       0000
__Htext12                          text12       0000
__Htext13                          text13       0000
__Htext14                          text14       0000
__Htext15                          text15       0000
__Htext16                          text16       0000
__Htext17                          text17       0000
__Htext18                          text18       0000
__Htext19                          text19       0000
__Htext2                           text2        0000
__Htext20                          text20       0000
__Htext21                          text21       0000
__Htext22                          text22       0000
__Htext23                          text23       0000
__Htext24                          text24       0000
__Htext25                          text25       0000
__Htext26                          text26       0000
__Htext27                          text27       0000
__Htext28                          text28       0000
__Htext29                          text29       0000
__Htext3                           text3        0000
__Htext30                          text30       0000
__Htext31                          text31       0000
__Htext32                          text32       0000
__Htext33                          text33       0000
__Htext34                          text34       0000
__Htext35                          text35       0000
__Htext36                          text36       0000
__Htext37                          text37       0000
__Htext39                          text39       0000
__Htext4                           text4        0000
__Htext40                          text40       0000
__Htext41                          text41       0000
__Htext42                          text42       0000
__Htext43                          text43       0000
__Htext5                           text5        0000
__Htext6                           text6        0000
__Htext7                           text7        0000
__Htext8                           text8        0000
__Htext9                           text9        0000
__LRAM                             (abs)        0001
__L__absolute__                    __absolute__ 0000
__Labs1                            abs1         0000
__Lbank0                           bank0        0000
__Lbank1                           bank1        0000
__Lbank10                          bank10       0000
__Lbank11                          bank11       0000
__Lbank12                          bank12       0000
__Lbank13                          bank13       0000
__Lbank14                          bank14       0000
__Lbank15                          bank15       0000
__Lbank2                           bank2        0000
__Lbank3                           bank3        0000
__Lbank4                           bank4        0000
__Lbank5                           bank5        0000
__Lbank6                           bank6        0000
__Lbank7                           bank7        0000
__Lbank8                           bank8        0000
__Lbank9                           bank9        0000
__Lbigbss                          bigbss       0000
__Lbigdata                         bigdata      0000
__Lbigram                          bigram       0000
__Lbigsfr                          bigsfr       0000
__Lbss                             bss          0000
__LbssBANK1                        bssBANK1     0000
__LbssBANK2                        bssBANK2     0000
__LbssBIGRAM                       bssBIGRAM    0000
__LbssCOMRAM                       bssCOMRAM    0000
__Lcinit                           cinit        0000
__Lclrtext                         clrtext      0000
__Lcomram                          comram       0000
__Lconfig                          config       0000
__Lconst                           const        0000
__LcstackBANK0                     cstackBANK0  0000
__LcstackBANK1                     cstackBANK1  0000
__LcstackBANK3                     cstackBANK3  0000
__LcstackBANK4                     cstackBANK4  0000
__LcstackCOMRAM                    cstackCOMRAM 0000
__Ldata                            data         0000
__LdataCOMRAM                      dataCOMRAM   0000
__Leeprom_data                     eeprom_data  0000
__Lfarbss                          farbss       0000
__Lfardata                         fardata      0000
__Lheap                            heap         0000
__Libigdata                        ibigdata     0000
__Lidata                           idata        0000
__LidataCOMRAM                     idataCOMRAM  0000
__Lidloc                           idloc        0000
__Lifardata                        ifardata     0000
__Linit                            init         0628
__Lintcode                         intcode      0008
__Lintcode_body                    intcode_body 0000
__Lintcodelo                       intcodelo    0018
__Lintentry                        intentry     0000
__Lintret                          intret       0000
__Lintsave_regs                    intsave_regs 0000
__Lirdata                          irdata       0000
__Lmediumconst                     mediumconst  0000
__LnvFARRAM                        nvFARRAM     0000
__Lnvbit                           nvbit        0000
__Lnvrram                          nvrram       0000
__Lparam                           param0       0000
__Lparam0                          param0       0000
__Lpowerup                         powerup      0000
__Lram                             ram          0000
__Lramtop                          ramtop       1000
__Lrbit                            rbit         0000
__Lrbss                            rbss         0000
__Lrdata                           rdata        0000
__Lreset_vec                       reset_vec    0000
__Lsfr                             sfr          0000
__Lsivt_hi                         sivt_hi      0000
__Lsivt_lo                         sivt_lo      0018
__Lsmallconst                      smallconst   1000
__Lspace_0                         (abs)        0000
__Lspace_1                         (abs)        0000
__Lspace_2                         (abs)        0000
__Lspace_4                         (abs)        0000
__Lstack                           stack        0000
__Lstruct                          struct       0000
__Ltemp                            temp         0000
__Ltext                            text         0000
__Ltext0                           text0        0000
__Ltext1                           text1        0000
__Ltext10                          text10       0000
__Ltext11                          text11       0000
__Ltext12                          text12       0000
__Ltext13                          text13       0000
__Ltext14                          text14       0000
__Ltext15                          text15       0000
__Ltext16                          text16       0000
__Ltext17                          text17       0000
__Ltext18                          text18       0000
__Ltext19                          text19       0000
__Ltext2                           text2        0000
__Ltext20                          text20       0000
__Ltext21                          text21       0000
__Ltext22                          text22       0000
__Ltext23                          text23       0000
__Ltext24                          text24       0000
__Ltext25                          text25       0000
__Ltext26                          text26       0000
__Ltext27                          text27       0000
__Ltext28                          text28       0000
__Ltext29                          text29       0000
__Ltext3                           text3        0000
__Ltext30                          text30       0000
__Ltext31                          text31       0000
__Ltext32                          text32       0000
__Ltext33                          text33       0000
__Ltext34                          text34       0000
__Ltext35                          text35       0000
__Ltext36                          text36       0000
__Ltext37                          text37       0000
__Ltext39                          text39       0000
__Ltext4                           text4        0000
__Ltext40                          text40       0000
__Ltext41                          text41       0000
__Ltext42                          text42       0000
__Ltext43                          text43       0000
__Ltext5                           text5        0000
__Ltext6                           text6        0000
__Ltext7                           text7        0000
__Ltext8                           text8        0000
__Ltext9                           text9        0000
__S0                               (abs)        3661
__S1                               (abs)        062B
__S4                               (abs)        0000
__S5                               (abs)        0000
__SRAMmerge                        text19       2B52
__SRAMmerge@pSegA                  cstackBANK4  0400
__SRAMmerge@pSegB                  cstackBANK4  0404
__SRAMmerge@uSegA                  cstackBANK4  0406
__SRAMmerge@uSegB                  cstackBANK4  0407
__SRAMmerge@uSum                   cstackBANK4  0403
___awmod                           text5        2CF6
___awmod@counter                   cstackBANK4  0404
___awmod@dividend                  cstackBANK4  0400
___awmod@divisor                   cstackBANK4  0402
___awmod@sign                      cstackBANK4  0405
___heap_hi                         (abs)        0000
___heap_lo                         (abs)        0000
___inthi_sp                        stack        0000
___inthi_stack_hi                  stack        0000
___inthi_stack_lo                  stack        0000
___intlo_sp                        stack        0000
___intlo_stack_hi                  stack        0000
___intlo_stack_lo                  stack        0000
___param_bank                      (abs)        0000
___rparam_used                     (abs)        0000
___sp                              stack        0000
___stack_hi                        stack        0000
___stack_lo                        stack        0000
__accesstop                        (abs)        0060
__activetblptr                     (abs)        0002
__end_of_ISR                       intcode      0628
__end_of_SRAMInitHeap              text20       322A
__end_of_SRAMalloc                 text18       2A62
__end_of__SRAMmerge                text19       2C2C
__end_of___awmod                   text5        2DA6
__end_of__initialization           cinit        332E
__end_of_adc_config                text17       35A6
__end_of_adc_on                    text16       3660
__end_of_adc_read                  text32       35C8
__end_of_config_user               text8        30F0
__end_of_ext_int_config            text15       345E
__end_of_ext_int_enable            text14       365C
__end_of_ext_int_isr_handler       text42       3502
__end_of_idle                      text21       3580
__end_of_main                      text0        3388
__end_of_mutex_init                text13       349C
__end_of_mutex_lock                text31       15D2
__end_of_mutex_unlock              text30       2CF6
__end_of_on_int0                   text43       2B52
__end_of_os_config                 text6        3558
__end_of_os_create_task            text7        328C
__end_of_os_start                  text1        23CC
__end_of_os_task_change_state      text29       20D8
__end_of_pipe_init                 text11       341E
__end_of_pipe_read                 text37       3084
__end_of_pipe_write                text34       3014
__end_of_pwm_config                text10       35E8
__end_of_pwm_on                    text9        3656
__end_of_pwm_set_duty              text36       31C4
__end_of_rr_priority_scheduler     text4        25A0
__end_of_scheduler                 text3        3602
__end_of_sem_init                  text12       34D2
__end_of_sem_post                  text28       2FA0
__end_of_sem_wait                  text23       1B7A
__end_of_setup_hardware            text2        364E
__end_of_task_alarm                text27       315C
__end_of_task_consumer             text35       3530
__end_of_task_monitor              text22       32E6
__end_of_task_producer             text33       33D4
__end_ofi1___awmod                 text26       2E56
__end_ofi1_rr_priority_scheduler   text25       2774
__end_ofi1_scheduler               text24       361C
__end_ofi2___awmod                 text41       2F04
__end_ofi2_rr_priority_scheduler   text40       2944
__end_ofi2_scheduler               text39       3636
__initialization                   cinit        32E6
__mediumconst                      smallconst   1000
__pbssBANK1                        bssBANK1     0124
__pbssBANK2                        bssBANK2     0200
__pbssBIGRAM                       bssBIGRAM    042B
__pbssCOMRAM                       bssCOMRAM    0002
__pcinit                           cinit        32E6
__pcstackBANK0                     cstackBANK0  0060
__pcstackBANK1                     cstackBANK1  0100
__pcstackBANK3                     cstackBANK3  0300
__pcstackBANK4                     cstackBANK4  0400
__pcstackCOMRAM                    cstackCOMRAM 001B
__pdataCOMRAM                      dataCOMRAM   0032
__pidataCOMRAM                     idataCOMRAM  3660
__pintcode                         intcode      0008
__psmallconst                      smallconst   1000
__ptext0                           text0        333C
__ptext1                           text1        20D8
__ptext10                          text10       35C8
__ptext11                          text11       33D4
__ptext12                          text12       349C
__ptext13                          text13       345E
__ptext14                          text14       3656
__ptext15                          text15       341E
__ptext16                          text16       365C
__ptext17                          text17       3580
__ptext18                          text18       2944
__ptext19                          text19       2B52
__ptext2                           text2        3636
__ptext20                          text20       31C4
__ptext21                          text21       3558
__ptext22                          text22       328C
__ptext23                          text23       15D2
__ptext24                          text24       3602
__ptext25                          text25       25A0
__ptext26                          text26       2DA6
__ptext27                          text27       30F0
__ptext28                          text28       2F04
__ptext29                          text29       1B7A
__ptext3                           text3        35E8
__ptext30                          text30       2C2C
__ptext31                          text31       1002
__ptext32                          text32       35A6
__ptext33                          text33       3388
__ptext34                          text34       2FA0
__ptext35                          text35       3502
__ptext36                          text36       315C
__ptext37                          text37       3014
__ptext39                          text39       361C
__ptext4                           text4        23CC
__ptext40                          text40       2774
__ptext41                          text41       2E56
__ptext42                          text42       34D2
__ptext43                          text43       2A62
__ptext5                           text5        2CF6
__ptext6                           text6        3530
__ptext7                           text7        322A
__ptext8                           text8        3084
__ptext9                           text9        364E
__ramtop                           ramtop       1000
__smallconst                       smallconst   1000
__uDynamicHeap                     bssBIGRAM    042B
_adc_config                        text17       3580
_adc_mutex                         bssCOMRAM    000A
_adc_on                            text16       365C
_adc_pipe                          bssBANK1     0124
_adc_read                          text32       35A6
_alarm_sem                         bssCOMRAM    0013
_config_user                       text8        3084
_ext_int_config                    text15       341E
_ext_int_enable                    text14       3656
_ext_int_isr_handler               text42       34D2
_ext_int_user_callback             bssBANK1     0126
_idle                              text21       3558
_main                              text0        333C
_mutex_init                        text13       345E
_mutex_lock                        text31       1002
_mutex_unlock                      text30       2C2C
_on_int0                           text43       2A62
_os_config                         text6        3530
_os_create_task                    text7        322A
_os_start                          text1        20D8
_os_task_change_state              text29       1B7A
_pipe_init                         text11       33D4
_pipe_read                         text37       3014
_pipe_write                        text34       2FA0
_pwm_config                        text10       35C8
_pwm_on                            text9        364E
_pwm_set_duty                      text36       315C
_r_queue                           bssBANK2     0200
_rr_priority_scheduler             text4        23CC
_rr_quantum                        dataCOMRAM   0032
_scheduler                         text3        35E8
_sem_init                          text12       349C
_sem_post                          text28       2F04
_sem_wait                          text23       15D2
_setup_hardware                    text2        3636
_task_alarm                        text27       30F0
_task_consumer                     text35       3502
_task_monitor                      text22       328C
_task_producer                     text33       3388
adc_read@dados_adc                 cstackBANK1  011C
btemp                              (abs)        0001
btemp0                             (abs)        0001
btemp1                             (abs)        0002
end_of_initialization              cinit        332E
ext_int_config@callback            cstackBANK4  0400
ext_int_config@edge                cstackBANK4  0403
i1___awmod                         text26       2DA6
i1___awmod@counter                 cstackBANK3  0373
i1___awmod@dividend                cstackBANK3  036F
i1___awmod@divisor                 cstackBANK3  0371
i1___awmod@sign                    cstackBANK3  0374
i1_rr_priority_scheduler           text25       25A0
i1_scheduler                       text24       3602
i2___awmod                         text41       2E56
i2___awmod@counter                 cstackCOMRAM 001F
i2___awmod@dividend                cstackCOMRAM 001B
i2___awmod@divisor                 cstackCOMRAM 001D
i2___awmod@sign                    cstackCOMRAM 0020
i2_rr_priority_scheduler           text40       2774
i2_scheduler                       text39       361C
int$flags                          (abs)        0001
intlevel0                          text         0000
intlevel1                          text         0000
intlevel2                          text         0000
intlevel3                          text         0000
isa$std                            (abs)        0001
isa$xinst                          (abs)        0000
mutex_init@mutex                   cstackBANK4  0400
mutex_lock@mutex                   cstackBANK1  011A
mutex_unlock@mutex                 cstackBANK1  011A
mutex_unlock@next_owner            cstackBANK1  011C
on_int0@i                          bssCOMRAM    0009
os_create_task@func                cstackBANK4  0400
os_create_task@id                  cstackBANK4  0403
os_create_task@new_task            cstackBANK4  0404
os_create_task@prior               cstackBANK4  0402
os_task_change_state@new_state     cstackBANK0  0077
os_task_change_state@task_handle   cstackBANK0  006E
pipe_init@p                        cstackBANK4  0405
pipe_read@dado                     cstackBANK3  0382
pipe_read@p                        cstackBANK3  0380
pipe_write@dado                    cstackBANK1  011C
pipe_write@p                       cstackBANK1  011A
pwm_config@period                  cstackBANK4  0400
pwm_set_duty@duty                  cstackBANK3  036F
rr_priority_scheduler@i            bssCOMRAM    0004
rr_priority_scheduler@max_priority bssCOMRAM    0007
rr_priority_scheduler@prox         bssCOMRAM    0006
rr_priority_scheduler@tentativas   bssCOMRAM    0005
sem_init@sem                       cstackBANK4  0400
sem_init@valor                     cstackBANK4  0402
sem_post@sem                       cstackBANK3  036F
sem_wait@sem                       cstackBANK3  0377
stackhi                            (abs)        0000
stacklo                            (abs)        0000
start                              init         0628
start_initialization               cinit        32E6
task_alarm@adc                     cstackBANK0  0079
task_consumer@dado                 cstackBANK3  0385
task_monitor@blink                 bssCOMRAM    0008
task_monitor@d                     bssCOMRAM    0002
task_producer@adc                  cstackBANK3  036D


MODULE INFORMATION

Module		Function		Class		Link	Load	Size
C:\Program Files\Microchip\xc8\v3.10\pic\sources\c99\common\awmod.c
		___awmod       		CODE           	2CF6	0000	176

C:\Program Files\Microchip\xc8\v3.10\pic\sources\c99\common\awmod.c estimated size: 176

io.c
		_pwm_set_duty  		CODE           	315C	0000	104
		_pwm_config    		CODE           	35C8	0000	32
		_adc_config    		CODE           	3580	0000	38
		_pwm_on        		CODE           	364E	0000	8
		_adc_on        		CODE           	365C	0000	4
		_adc_read      		CODE           	35A6	0000	34
		_ext_int_enable		CODE           	3656	0000	6
		_ext_int_config		CODE           	341E	0000	64
		_ext_int_isr_handler		CODE           	34D2	0000	48

io.c estimated size: 338

hw.c
		_ISR           		CODE           	0008	0000	1568
		_setup_hardware		CODE           	3636	0000	24

hw.c estimated size: 1592

com.c
		_pipe_read     		CODE           	3014	0000	112
		_pipe_init     		CODE           	33D4	0000	74
		_pipe_write    		CODE           	2FA0	0000	116

com.c estimated size: 302

kernel.c
		_os_config     		CODE           	3530	0000	40
		_os_start      		CODE           	20D8	0000	756
		_idle          		CODE           	3558	0000	40
		_os_create_task		CODE           	322A	0000	98
		_os_task_change_state		CODE           	1B7A	0000	1374

kernel.c estimated size: 2308

mem.c
		__SRAMmerge    		CODE           	2B52	0000	218
		_SRAMalloc     		CODE           	2944	0000	286
		_SRAMInitHeap  		CODE           	31C4	0000	102

mem.c estimated size: 606

shared
		i1_rr_priority_scheduler		CODE           	25A0	0000	468
		i2_rr_priority_scheduler		CODE           	2774	0000	464
		__initialization		CODE           	32E6	0000	72
		i1___awmod     		CODE           	2DA6	0000	176
		i2___awmod     		CODE           	2E56	0000	174
		i1_scheduler   		CODE           	3602	0000	26
		i2_scheduler   		CODE           	361C	0000	26

shared estimated size: 1406

user.c
		_task_consumer 		CODE           	3502	0000	46
		_task_alarm    		CODE           	30F0	0000	108
		_on_int0       		CODE           	2A62	0000	240
		_task_monitor  		CODE           	328C	0000	90
		_config_user   		CODE           	3084	0000	108
		_task_producer 		CODE           	3388	0000	76

user.c estimated size: 668

scheduler.c
		_rr_priority_scheduler		CODE           	23CC	0000	468
		_scheduler     		CODE           	35E8	0000	26

scheduler.c estimated size: 494

sync.c
		_mutex_lock    		CODE           	1002	0000	1488
		_mutex_unlock  		CODE           	2C2C	0000	202
		_sem_wait      		CODE           	15D2	0000	1448
		_sem_init      		CODE           	349C	0000	54
		_sem_post      		CODE           	2F04	0000	156
		_mutex_init    		CODE           	345E	0000	62

sync.c estimated size: 3410

main.c
		_main          		CODE           	333C	0000	76

main.c estimated size: 76

